// Jest Snapshot v1, https://goo.gl/fbAQLP

exports[`App should render App correctly 1`] = `ShallowWrapper {}`;

exports[`App should render empty array when there is no data to map through 1`] = `ShallowWrapper {}`;

exports[`App should render the Summary component with data correctly 1`] = `ShallowWrapper {}`;
