// Jest Snapshot v1, https://goo.gl/fbAQLP

exports[`Summary component should render the state correctly 1`] = `ShallowWrapper {}`;
